--- My script actually sees: CUDA_VISIBLE_DEVICES='3' ---
--- PyTorch is set to use 1 CPU threads ---
CUDA found. Using GPU: NVIDIA GeForce RTX 3090
--- Setting up simulation environment ---
Reading initial structure from: '../dump/dump_NTOC_ver1_2/NTOC_ver1_2_quench_eq_nvt.traj'
Successfully loaded 4004 atoms from the unit cell file.

--- Supercell Information ---
Total atoms: 4004
Supercell vectors:
 Cell([48.78, 48.78, 48.78])

--- Loading ML potential ---
Checkpoint path: ./mattersim-v1.0.0-5M.pth
[32m2025-09-18 11:04:34.759[0m | [1mINFO    [0m | [36mmattersim.forcefield.potential[0m:[36mfrom_checkpoint[0m:[36m893[0m - [1mLoading the model from ./mattersim-v1.0.0-5M.pth[0m
Successfully attached potential to device: 'cuda'

 Apply Andersen thermostat for 3 times to stablized temperature.

 Start 1th NVE
--- Benchmark for 6-1. NVE Pre_Production: 528.48 ps/day ---

 Start 1th NVT
--- Benchmark for 6-1. NVT Pre_Production: 527.66 ps/day ---

 Start 2th NVE
--- Benchmark for 6-2. NVE Pre_Production: 527.78 ps/day ---

 Start 2th NVT
--- Benchmark for 6-2. NVT Pre_Production: 527.24 ps/day ---

 Start 3th NVE
--- Benchmark for 6-3. NVE Pre_Production: 487.70 ps/day ---

 Start 3th NVT
--- Benchmark for 6-3. NVT Pre_Production: 452.48 ps/day ---
--- Pre Production Run Finished. ---

--- Starting Production Run (NVE) at 300.0 K for 1500.0 ps ---
--- Benchmark for 7. Production (NVE): 516.83 ps/day ---
--- Production Run Finished. Simulation Complete. ---
