--- My script actually sees: CUDA_VISIBLE_DEVICES='3' ---
--- PyTorch is set to use 1 CPU threads ---
CUDA found. Using GPU: NVIDIA GeForce RTX 3090
--- Setting up simulation environment ---
Reading initial structure from: '../initial/NTOC_2.xyz'
Successfully loaded 4004 atoms from the unit cell file.

--- Supercell Information ---
Total atoms: 4004
Supercell vectors:
 Cell([48.78, 48.78, 48.78])

--- Loading ML potential ---
Checkpoint path: ./mattersim-v1.0.0-5M.pth
[32m2025-08-27 19:04:17.368[0m | [1mINFO    [0m | [36mmattersim.forcefield.potential[0m:[36mfrom_checkpoint[0m:[36m893[0m - [1mLoading the model from ./mattersim-v1.0.0-5M.pth[0m
Successfully attached potential to device: 'cuda'

--- Starting Energy Minimization (Steps=50000, f_max=5.00e-02 eV/A) ---
--- Energy Minimization Finished ---
Final box dimensions after minimization: [48.78 48.78 48.78]

--- Starting Gradual Heating (NVT) ---
Initial velocities set to 300.0 K.

--- Heating gradually: 300.0 K -> 1200.0 K for 400.0 ps ---
  Heating stage 1/18: 300 K -> 350 K
  Heating stage 2/18: 350 K -> 400 K
  Heating stage 3/18: 400 K -> 450 K
  Heating stage 4/18: 450 K -> 500 K
  Heating stage 5/18: 500 K -> 550 K
  Heating stage 6/18: 550 K -> 600 K
  Heating stage 7/18: 600 K -> 650 K
  Heating stage 8/18: 650 K -> 700 K
  Heating stage 9/18: 700 K -> 750 K
  Heating stage 10/18: 750 K -> 800 K
  Heating stage 11/18: 800 K -> 850 K
  Heating stage 12/18: 850 K -> 900 K
  Heating stage 13/18: 900 K -> 950 K
  Heating stage 14/18: 950 K -> 1000 K
  Heating stage 15/18: 1000 K -> 1050 K
  Heating stage 16/18: 1050 K -> 1100 K
  Heating stage 17/18: 1100 K -> 1150 K
  Heating stage 18/18: 1150 K -> 1200 K
--- Benchmark for 4.1 Gradual Heating (NVT): 520.64 ps/day ---
--- Gradual Heating Finished ---

--- Starting Equilibration (NVT) at 1200.0 K for 500.0 ps ---
--- Benchmark for 4.2 Heating Equilibration (NVT): 529.64 ps/day ---
--- NVT Equilibration Finished ---

--- Starting Quenching: 1200.0 K -> 300.0 K ---
  Quenching stage 1/18: 1200 K -> 1150 K...
  Quenching stage 2/18: 1150 K -> 1100 K...
  Quenching stage 3/18: 1100 K -> 1050 K...
  Quenching stage 4/18: 1050 K -> 1000 K...
  Quenching stage 5/18: 1000 K -> 950 K...
  Quenching stage 6/18: 950 K -> 900 K...
  Quenching stage 7/18: 900 K -> 850 K...
  Quenching stage 8/18: 850 K -> 800 K...
  Quenching stage 9/18: 800 K -> 750 K...
  Quenching stage 10/18: 750 K -> 700 K...
  Quenching stage 11/18: 700 K -> 650 K...
  Quenching stage 12/18: 650 K -> 600 K...
  Quenching stage 13/18: 600 K -> 550 K...
  Quenching stage 14/18: 550 K -> 500 K...
  Quenching stage 15/18: 500 K -> 450 K...
  Quenching stage 16/18: 450 K -> 400 K...
  Quenching stage 17/18: 400 K -> 350 K...
  Quenching stage 18/18: 350 K -> 300 K...
--- Benchmark for 5.1 Quenching (NVT): 528.19 ps/day ---
--- Quenching Finished ---

--- Starting Quenching Equilibration (NVT) at 300.0 K for 500.0 ps ---
--- Benchmark for 5.2 Quenching Equilibration (NVT): 525.17 ps/day ---
--- Quenching NVT Equilibration Finished ---

--- Starting Production Run (NVE) at 300.0 K for 1000.0 ps ---
--- Benchmark for 6. Production (NVE): 536.69 ps/day ---
--- Production Run Finished. Simulation Complete. ---
