	Reading trajectory from /SSD2/sejung/NTOC/dump/dump_NTOC_ver4_2/2_product.xyz...

		< FILE SUMMARY >

	Number of Timesteps Read : 4799
	Number of Atoms per Frame: 4004

	Atom Counts:
	  Na: 572
	  Ta: 572
	  O : 572
	  Cl: 2288

	Now Performing Clustering Analysis...
	 Analyzing frame t = 0...
	 Analyzing frame t = 100...
	 Analyzing frame t = 200...
	 Analyzing frame t = 300...
	 Analyzing frame t = 400...
	 Analyzing frame t = 500...
	 Analyzing frame t = 600...
	 Analyzing frame t = 700...
	 Analyzing frame t = 800...
	 Analyzing frame t = 900...
	 Analyzing frame t = 1000...
	 Analyzing frame t = 1100...
	 Analyzing frame t = 1200...
	 Analyzing frame t = 1300...
	 Analyzing frame t = 1400...
	 Analyzing frame t = 1500...
	 Analyzing frame t = 1600...
	 Analyzing frame t = 1700...
	 Analyzing frame t = 1800...
	 Analyzing frame t = 1900...
	 Analyzing frame t = 2000...
	 Analyzing frame t = 2100...
	 Analyzing frame t = 2200...
	 Analyzing frame t = 2300...
	 Analyzing frame t = 2400...
	 Analyzing frame t = 2500...
	 Analyzing frame t = 2600...
	 Analyzing frame t = 2700...
	 Analyzing frame t = 2800...
	 Analyzing frame t = 2900...
	 Analyzing frame t = 3000...
	 Analyzing frame t = 3100...
	 Analyzing frame t = 3200...
	 Analyzing frame t = 3300...
	 Analyzing frame t = 3400...
	 Analyzing frame t = 3500...
	 Analyzing frame t = 3600...
	 Analyzing frame t = 3700...
	 Analyzing frame t = 3800...
	 Analyzing frame t = 3900...
	 Analyzing frame t = 4000...
	 Analyzing frame t = 4100...
	 Analyzing frame t = 4200...
	 Analyzing frame t = 4300...
	 Analyzing frame t = 4400...
	 Analyzing frame t = 4500...
	 Analyzing frame t = 4600...
	 Analyzing frame t = 4700...
	Analyzing cluster lists and writing to /SSD2/sejung/NTOC/result/2_cluster.dat...
	Na+ coordination analysis will be written to /SSD2/sejung/NTOC/result/2_Na_cluster.dat...
	Freeing memory...
	All Tasks are Done! >:D
